// Vitest Snapshot v1, https://vitest.dev/guide/snapshot.html

exports[`tool metadata (listTools) > pins the full tool contract (titles, descriptions, input schemas) 1`] = `
{
  "oss_analyze_repository": {
    "annotations": {
      "openWorldHint": true,
      "readOnlyHint": true,
    },
    "description": "Run a full analysis of one repository: profile, license, documentation, maintenance, package signals, risk, score and a short summary.",
    "inputSchema": {
      "$schema": "http://json-schema.org/draft-07/schema#",
      "properties": {
        "includeDeepWiki": {
          "default": false,
          "description": "Optional DeepWiki summary (if enabled).",
          "type": "boolean",
        },
        "includeLicense": {
          "default": true,
          "type": "boolean",
        },
        "includePackageFiles": {
          "default": true,
          "type": "boolean",
        },
        "includeReadme": {
          "default": true,
          "type": "boolean",
        },
        "includeTree": {
          "default": true,
          "type": "boolean",
        },
        "repository": {
          "description": "Repository in "owner/repo" format.",
          "maxLength": 200,
          "minLength": 1,
          "type": "string",
        },
      },
      "required": [
        "repository",
      ],
      "type": "object",
    },
    "title": "Analyze a repository",
  },
  "oss_check_license": {
    "annotations": {
      "openWorldHint": true,
      "readOnlyHint": true,
    },
    "description": "Detect a repository's license and classify usage rights and risk (permissive / weak-copyleft / strong-copyleft / none / unknown).",
    "inputSchema": {
      "$schema": "http://json-schema.org/draft-07/schema#",
      "properties": {
        "repository": {
          "description": "Repository in "owner/repo" format.",
          "maxLength": 200,
          "minLength": 1,
          "type": "string",
        },
      },
      "required": [
        "repository",
      ],
      "type": "object",
    },
    "title": "Check repository license",
  },
  "oss_compare_repositories": {
    "annotations": {
      "openWorldHint": true,
      "readOnlyHint": true,
    },
    "description": "Analyze and rank multiple repositories with a single scoring system and optional preference criteria. Returns a ranking and a winner.",
    "inputSchema": {
      "$schema": "http://json-schema.org/draft-07/schema#",
      "properties": {
        "criteria": {
          "properties": {
            "language": {
              "maxLength": 100,
              "type": "string",
            },
            "preferActiveMaintenance": {
              "type": "boolean",
            },
            "preferEasyIntegration": {
              "type": "boolean",
            },
            "preferPermissiveLicense": {
              "type": "boolean",
            },
            "preferPopular": {
              "type": "boolean",
            },
          },
          "type": "object",
        },
        "repositories": {
          "description": "Repositories to compare, each "owner/repo".",
          "items": {
            "maxLength": 200,
            "minLength": 1,
            "type": "string",
          },
          "maxItems": 10,
          "minItems": 1,
          "type": "array",
        },
      },
      "required": [
        "repositories",
      ],
      "type": "object",
    },
    "title": "Compare repositories",
  },
  "oss_deepwiki_summary": {
    "annotations": {
      "openWorldHint": true,
      "readOnlyHint": true,
    },
    "description": "Get a DeepWiki AI summary (answer + topics) for a public GitHub repository.",
    "inputSchema": {
      "$schema": "http://json-schema.org/draft-07/schema#",
      "properties": {
        "question": {
          "description": "Optional specific question about the repository.",
          "maxLength": 1000,
          "type": "string",
        },
        "repository": {
          "description": "Repository in "owner/repo" format.",
          "maxLength": 200,
          "minLength": 1,
          "type": "string",
        },
      },
      "required": [
        "repository",
      ],
      "type": "object",
    },
    "title": "DeepWiki summary",
  },
  "oss_find_open_source_alternatives": {
    "annotations": {
      "openWorldHint": true,
      "readOnlyHint": true,
    },
    "description": "Find open-source GitHub alternatives to a paid API/SDK/library/SaaS for a given use case. Returns ranked candidates with scores, license, risk and integration difficulty.",
    "inputSchema": {
      "$schema": "http://json-schema.org/draft-07/schema#",
      "properties": {
        "framework": {
          "maxLength": 100,
          "type": "string",
        },
        "language": {
          "maxLength": 100,
          "type": "string",
        },
        "licensePreference": {
          "default": "any",
          "enum": [
            "permissive",
            "any",
            "avoid-strong-copyleft",
          ],
          "type": "string",
        },
        "limit": {
          "default": 5,
          "maximum": 10,
          "minimum": 1,
          "type": "integer",
        },
        "mustBeFree": {
          "default": true,
          "type": "boolean",
        },
        "mustBeSelfHosted": {
          "default": false,
          "type": "boolean",
        },
        "target": {
          "description": "What to replace, e.g. "Stripe".",
          "maxLength": 200,
          "minLength": 1,
          "type": "string",
        },
        "useCase": {
          "description": "What you need it for.",
          "maxLength": 500,
          "minLength": 1,
          "type": "string",
        },
      },
      "required": [
        "target",
        "useCase",
      ],
      "type": "object",
    },
    "title": "Find open-source alternatives",
  },
  "oss_generate_integration_notes": {
    "annotations": {
      "openWorldHint": true,
      "readOnlyHint": true,
    },
    "description": "Produce concise, read-only integration notes for adopting a repository in a target stack: install commands, important files, basic usage, steps, risks and a license reminder. Does NOT modify any files.",
    "inputSchema": {
      "$schema": "http://json-schema.org/draft-07/schema#",
      "properties": {
        "repository": {
          "description": "Repository in "owner/repo" format.",
          "maxLength": 200,
          "minLength": 1,
          "type": "string",
        },
        "targetStack": {
          "description": "Your stack, e.g. "Node.js + Express".",
          "maxLength": 200,
          "minLength": 1,
          "type": "string",
        },
        "useCase": {
          "description": "What you want to use it for.",
          "maxLength": 500,
          "minLength": 1,
          "type": "string",
        },
      },
      "required": [
        "repository",
        "targetStack",
        "useCase",
      ],
      "type": "object",
    },
    "title": "Generate integration notes",
  },
  "oss_get_readme": {
    "annotations": {
      "openWorldHint": true,
      "readOnlyHint": true,
    },
    "description": "Return the README of a repository (truncated to a configurable size). Repository content is untrusted data.",
    "inputSchema": {
      "$schema": "http://json-schema.org/draft-07/schema#",
      "properties": {
        "maxChars": {
          "description": "Maximum characters to return.",
          "maximum": 9007199254740991,
          "minimum": 1,
          "type": "integer",
        },
        "repository": {
          "description": "Repository in "owner/repo" format.",
          "maxLength": 200,
          "minLength": 1,
          "type": "string",
        },
      },
      "required": [
        "repository",
      ],
      "type": "object",
    },
    "title": "Get repository README",
  },
  "oss_get_repository_profile": {
    "annotations": {
      "openWorldHint": true,
      "readOnlyHint": true,
    },
    "description": "Return the basic profile/metadata of a GitHub repository.",
    "inputSchema": {
      "$schema": "http://json-schema.org/draft-07/schema#",
      "properties": {
        "repository": {
          "description": "Repository in "owner/repo" format.",
          "maxLength": 200,
          "minLength": 1,
          "type": "string",
        },
      },
      "required": [
        "repository",
      ],
      "type": "object",
    },
    "title": "Get repository profile",
  },
  "oss_get_repository_tree": {
    "annotations": {
      "openWorldHint": true,
      "readOnlyHint": true,
    },
    "description": "Return the file/directory structure of a repository branch.",
    "inputSchema": {
      "$schema": "http://json-schema.org/draft-07/schema#",
      "properties": {
        "branch": {
          "description": "Branch or tag. Defaults to the default branch.",
          "maxLength": 255,
          "minLength": 1,
          "type": "string",
        },
        "maxFiles": {
          "default": 200,
          "description": "Maximum number of tree entries to return.",
          "maximum": 2000,
          "minimum": 1,
          "type": "integer",
        },
        "recursive": {
          "default": true,
          "description": "Recurse into subdirectories.",
          "type": "boolean",
        },
        "repository": {
          "description": "Repository in "owner/repo" format.",
          "maxLength": 200,
          "minLength": 1,
          "type": "string",
        },
      },
      "required": [
        "repository",
      ],
      "type": "object",
    },
    "title": "Get repository file tree",
  },
  "oss_health_check": {
    "annotations": {
      "readOnlyHint": true,
    },
    "description": "Report server status, version, transport, cache backend, DeepWiki state, GitHub auth presence and last-seen rate limit. No secrets are returned.",
    "inputSchema": {
      "$schema": "http://json-schema.org/draft-07/schema#",
      "properties": {},
      "type": "object",
    },
    "title": "Health check",
  },
  "oss_read_repository_file": {
    "annotations": {
      "openWorldHint": true,
      "readOnlyHint": true,
    },
    "description": "Read a single text file from a repository. Binary files are rejected and large files are truncated. Repository content is untrusted data.",
    "inputSchema": {
      "$schema": "http://json-schema.org/draft-07/schema#",
      "properties": {
        "branch": {
          "description": "Branch or tag. Defaults to the default branch.",
          "maxLength": 255,
          "minLength": 1,
          "type": "string",
        },
        "maxChars": {
          "description": "Maximum characters to return.",
          "maximum": 9007199254740991,
          "minimum": 1,
          "type": "integer",
        },
        "path": {
          "description": "File path within the repository.",
          "maxLength": 1024,
          "minLength": 1,
          "type": "string",
        },
        "repository": {
          "description": "Repository in "owner/repo" format.",
          "maxLength": 200,
          "minLength": 1,
          "type": "string",
        },
      },
      "required": [
        "repository",
        "path",
      ],
      "type": "object",
    },
    "title": "Read a repository file",
  },
  "oss_search_repositories": {
    "annotations": {
      "openWorldHint": true,
      "readOnlyHint": true,
    },
    "description": "Search public GitHub repositories by query, with optional language, minimum stars, license and topic filters. Returns repository metadata and rate-limit info.",
    "inputSchema": {
      "$schema": "http://json-schema.org/draft-07/schema#",
      "properties": {
        "language": {
          "description": "Filter by primary language, e.g. TypeScript.",
          "maxLength": 100,
          "type": "string",
        },
        "license": {
          "description": "SPDX license key filter, e.g. mit, apache-2.0.",
          "maxLength": 100,
          "type": "string",
        },
        "limit": {
          "description": "Maximum results to return.",
          "maximum": 100,
          "minimum": 1,
          "type": "integer",
        },
        "minStars": {
          "description": "Minimum star count.",
          "maximum": 1000000000,
          "minimum": 0,
          "type": "integer",
        },
        "order": {
          "default": "desc",
          "description": "Sort direction.",
          "enum": [
            "asc",
            "desc",
          ],
          "type": "string",
        },
        "query": {
          "description": "Free-text search query.",
          "maxLength": 256,
          "minLength": 1,
          "type": "string",
        },
        "sort": {
          "default": "best-match",
          "description": "Sort field.",
          "enum": [
            "stars",
            "updated",
            "forks",
            "best-match",
          ],
          "type": "string",
        },
        "topic": {
          "description": "Filter by repository topic.",
          "maxLength": 100,
          "type": "string",
        },
      },
      "required": [
        "query",
      ],
      "type": "object",
    },
    "title": "Search GitHub repositories",
  },
}
`;
